###############################################################################
#
# IAR ELF Linker V8.10.1.12857/W32 for ARM                23/Dec/2017  21:08:44
# Copyright 2007-2017 IAR Systems AB.
#
#    Output file  =  
#        C:\Users\19071_000\Desktop\K60_Car\program\program\iar\RAM\Exe\program_K60DZ10.out
#    Map file     =  
#        C:\Users\19071_000\Desktop\K60_Car\program\program\iar\RAM\List\program_K60DZ10.map
#    Command line =  
#        -f C:\Users\19071_~1\AppData\Local\Temp\EWC6F2.tmp
#        (C:\Users\19071_000\Desktop\K60_Car\program\program\iar\RAM\Obj\alloc.o
#        C:\Users\19071_000\Desktop\K60_Car\program\program\iar\RAM\Obj\assert.o
#        C:\Users\19071_000\Desktop\K60_Car\program\program\iar\RAM\Obj\blind.o
#        C:\Users\19071_000\Desktop\K60_Car\program\program\iar\RAM\Obj\control.o
#        C:\Users\19071_000\Desktop\K60_Car\program\program\iar\RAM\Obj\HW_ADC.o
#        C:\Users\19071_000\Desktop\K60_Car\program\program\iar\RAM\Obj\HW_CAN.o
#        C:\Users\19071_000\Desktop\K60_Car\program\program\iar\RAM\Obj\HW_DAC.o
#        C:\Users\19071_000\Desktop\K60_Car\program\program\iar\RAM\Obj\HW_DMA.o
#        C:\Users\19071_000\Desktop\K60_Car\program\program\iar\RAM\Obj\HW_ENET.o
#        C:\Users\19071_000\Desktop\K60_Car\program\program\iar\RAM\Obj\HW_FLASH.o
#        C:\Users\19071_000\Desktop\K60_Car\program\program\iar\RAM\Obj\HW_FLEXBUS.o
#        C:\Users\19071_000\Desktop\K60_Car\program\program\iar\RAM\Obj\HW_FTM.o
#        C:\Users\19071_000\Desktop\K60_Car\program\program\iar\RAM\Obj\HW_GPIO.o
#        C:\Users\19071_000\Desktop\K60_Car\program\program\iar\RAM\Obj\HW_I2C.o
#        C:\Users\19071_000\Desktop\K60_Car\program\program\iar\RAM\Obj\HW_LPTMR.o
#        C:\Users\19071_000\Desktop\K60_Car\program\program\iar\RAM\Obj\HW_MCG.o
#        C:\Users\19071_000\Desktop\K60_Car\program\program\iar\RAM\Obj\HW_NVIC.o
#        C:\Users\19071_000\Desktop\K60_Car\program\program\iar\RAM\Obj\HW_PDB.o
#        C:\Users\19071_000\Desktop\K60_Car\program\program\iar\RAM\Obj\HW_PIT.o
#        C:\Users\19071_000\Desktop\K60_Car\program\program\iar\RAM\Obj\HW_RTC.o
#        C:\Users\19071_000\Desktop\K60_Car\program\program\iar\RAM\Obj\HW_SDHC.o
#        C:\Users\19071_000\Desktop\K60_Car\program\program\iar\RAM\Obj\HW_SPI.o
#        C:\Users\19071_000\Desktop\K60_Car\program\program\iar\RAM\Obj\HW_SYSTICK.o
#        C:\Users\19071_000\Desktop\K60_Car\program\program\iar\RAM\Obj\HW_TSI.o
#        C:\Users\19071_000\Desktop\K60_Car\program\program\iar\RAM\Obj\HW_UART.o
#        C:\Users\19071_000\Desktop\K60_Car\program\program\iar\RAM\Obj\HW_USB.o
#        C:\Users\19071_000\Desktop\K60_Car\program\program\iar\RAM\Obj\HW_WDOG.o
#        C:\Users\19071_000\Desktop\K60_Car\program\program\iar\RAM\Obj\io.o
#        C:\Users\19071_000\Desktop\K60_Car\program\program\iar\RAM\Obj\motor.o
#        C:\Users\19071_000\Desktop\K60_Car\program\program\iar\RAM\Obj\motor_test.o
#        C:\Users\19071_000\Desktop\K60_Car\program\program\iar\RAM\Obj\ov7620.o
#        C:\Users\19071_000\Desktop\K60_Car\program\program\iar\RAM\Obj\printf.o
#        C:\Users\19071_000\Desktop\K60_Car\program\program\iar\RAM\Obj\program.o
#        C:\Users\19071_000\Desktop\K60_Car\program\program\iar\RAM\Obj\queue.o
#        C:\Users\19071_000\Desktop\K60_Car\program\program\iar\RAM\Obj\relocate.o
#        C:\Users\19071_000\Desktop\K60_Car\program\program\iar\RAM\Obj\servo.o
#        C:\Users\19071_000\Desktop\K60_Car\program\program\iar\RAM\Obj\servo_test.o
#        C:\Users\19071_000\Desktop\K60_Car\program\program\iar\RAM\Obj\startup_K60DZ10.o
#        C:\Users\19071_000\Desktop\K60_Car\program\program\iar\RAM\Obj\stdlib.o
#        C:\Users\19071_000\Desktop\K60_Car\program\program\iar\RAM\Obj\system_MK60.o
#        C:\Users\19071_000\Desktop\K60_Car\program\program\iar\RAM\Obj\systick.o
#        C:\Users\19071_000\Desktop\K60_Car\program\program\iar\RAM\Obj\uif.o
#        C:\Users\19071_000\Desktop\K60_Car\program\program\iar\RAM\Obj\usrlib.o
#        --redirect _Printf=_PrintfFullNoMb --redirect _Scanf=_ScanfFullNoMb -o
#        C:\Users\19071_000\Desktop\K60_Car\program\program\iar\RAM\Exe\program_K60DZ10.out
#        --map
#        C:\Users\19071_000\Desktop\K60_Car\program\program\iar\RAM\List\program_K60DZ10.map
#        --config
#        C:\Users\19071_000\Desktop\K60_Car\lib\iar_config_files\LPLD_K60DN512_RAM.icf
#        --semihosting --entry __iar_program_start "C:\Program Files (x86)\IAR
#        Systems\Embedded Workbench 8.0\arm\CMSIS\Lib\IAR\iar_cortexM4l_math.a"
#        --vfe --text_out locale)
#
###############################################################################

*******************************************************************************
*** RUNTIME MODEL ATTRIBUTES
***

CppFlavor       = *
__SystemLibrary = DLib
__dlib_version  = 6


*******************************************************************************
*** HEAP SELECTION
***

The basic heap was selected because no calls to memory allocation
functions were found in the application outside of system library
functions, and there are calls to deallocation functions in the
application.


*******************************************************************************
*** PLACEMENT SUMMARY
***

"A0":  place at 0x1fff0000 { ro section .intvec };
"A1":  place at 0x1fff0410 { ro section .noinit };
"P1":  place in [from 0x1fff0000 to 0x20010000] { ro, block CodeRelocate };
"P2":  place in [from 0x1fff0000 to 0x20010000] {
          rw, block CodeRelocateRam, block CSTACK, block HEAP };
initialize manually with packing = copy, complex ranges { section .data };
initialize manually with packing = copy, complex ranges { section .textrw };

  Section              Kind        Address    Size  Object
  -------              ----        -------    ----  ------
"A0":                                        0x400
  .intvec              ro code  0x1fff0000   0x400  startup_K60DZ10.o [1]
                              - 0x1fff0400   0x400

"P1-P2", part 1 of 3:                          0x0
  .rodata              const    0x1fff0400     0x0  zero_init3.o [5]

"A1":                                         0x14
  .noinit              ro code  0x1fff0410    0x10  startup_K60DZ10.o [1]
  .noinit              ro code  0x1fff0420     0x4  startup_K60DZ10.o [1]
                              - 0x1fff0424    0x14

"P1-P2", part 2 of 3:                       0x549c
  .text                ro code  0x1fff0424   0x924  HW_FTM.o [1]
  .text                ro code  0x1fff0d48    0x14  assert.o [1]
  .text                ro code  0x1fff0d5c    0x86  ABImemcpy.o [5]
  .text                ro code  0x1fff0de4   0x4d8  printf.o [1]
  .text                ro code  0x1fff12bc    0x3a  stdlib.o [1]
  .text                ro code  0x1fff12f8   0x71c  HW_UART.o [1]
  .text                ro code  0x1fff1a14   0x618  system_MK60.o [1]
  .text                ro code  0x1fff202c    0xa0  relocate.o [1]
  .text                ro code  0x1fff20cc   0x198  HW_MCG.o [1]
  .text                ro code  0x1fff2264   0x4cc  motor.o [1]
  .text                ro code  0x1fff2730    0x48  FltToDbl.o [4]
  .text                ro code  0x1fff2778   0x43c  cos_sin64.o [4]
  .text                ro code  0x1fff2bb4   0x1a2  DblMul.o [4]
  .text                ro code  0x1fff2d58   0x178  DblAdd.o [4]
  .text                ro code  0x1fff2ed0    0x68  DblToFlt.o [4]
  .text                ro code  0x1fff2f38    0x24  FltCmpLe.o [4]
  .text                ro code  0x1fff2f5c    0xfc  FltDiv.o [4]
  .text                ro code  0x1fff3058    0x80  FltSub.o [4]
  .text                ro code  0x1fff30d8   0x11c  HW_LPTMR.o [1]
  .text                ro code  0x1fff31f4   0x174  servo.o [1]
  .text                ro code  0x1fff3368     0xc  systick.o [1]
  .text                ro code  0x1fff3374    0x24  S32ToFlt.o [4]
  .text                ro code  0x1fff3398   0x17c  HW_PIT.o [1]
  .text                ro code  0x1fff3514   0x188  HW_GPIO.o [1]
  .text                ro code  0x1fff369c    0x2e  DblCmpLe.o [4]
  .text                ro code  0x1fff36cc    0x3a  DblToS32.o [4]
  .text                ro code  0x1fff3708    0x22  S32ToDbl.o [4]
  .text                ro code  0x1fff372c    0xe2  DblSub.o [4]
  .text                ro code  0x1fff3810    0xd6  FltAdd.o [4]
  .text                ro code  0x1fff38e8     0x6  ABImemclr4.o [5]
  .text                ro code  0x1fff38f0    0xa8  atan64.o [4]
  .text                ro code  0x1fff3998    0x28  DblToU32.o [4]
  .text                ro code  0x1fff39c0    0x1c  U32ToFlt.o [4]
  .text                ro code  0x1fff39dc   0x388  tan64.o [4]
  .text                ro code  0x1fff3d64   0x246  DblDiv.o [4]
  .text                ro code  0x1fff3fac    0x32  ABImemset48.o [5]
  .rodata              const    0x1fff3fe0    0x44  system_MK60.o [1]
  .text                ro code  0x1fff4028   0x258  iar_Atan64.o [4]
  .text                ro code  0x1fff4280   0x218  HW_SPI.o [1]
  .text                ro code  0x1fff4498   0x1de  HW_CAN.o [1]
  .text                ro code  0x1fff4678   0x168  HW_DMA.o [1]
  .data_init                    0x1fff47e0   0x134  <Block>
    Initializer bytes  const    0x1fff47e0   0x134  <for .data-1>
  .text                ro code  0x1fff4914    0xf0  HW_DAC.o [1]
  .text                ro code  0x1fff4a04    0xcc  HW_I2C.o [1]
  .text                ro code  0x1fff4ad0    0x80  HW_ENET.o [1]
  .text                ro code  0x1fff4b50    0x80  HW_PDB.o [1]
  .text                ro code  0x1fff4bd0    0x7c  blind.o [1]
  .text                ro code  0x1fff4c4c    0x70  HW_TSI.o [1]
  .text                ro code  0x1fff4cbc    0x60  HW_RTC.o [1]
  CodeRelocate                  0x1fff4d1c    0x4c  <Block>
    Initializer bytes  const    0x1fff4d1c    0x4c  <for CodeRelocateRam-1>
  .rodata              const    0x1fff4d68    0x48  system_MK60.o [1]
  .rodata              const    0x1fff4db0    0x44  system_MK60.o [1]
  .text                ro code  0x1fff4df4    0x40  zero_init3.o [5]
  .rodata              const    0x1fff4e34    0x3c  HW_GPIO.o [1]
  .rodata              const    0x1fff4e70    0x3c  HW_LPTMR.o [1]
  .rodata              const    0x1fff4eac    0x3c  motor.o [1]
  .rodata              const    0x1fff4ee8    0x38  HW_FTM.o [1]
  .rodata              const    0x1fff4f20    0x38  HW_PIT.o [1]
  .rodata              const    0x1fff4f58    0x30  assert.o [1]
  .rodata              const    0x1fff4f88    0x30  system_MK60.o [1]
  .rodata              const    0x1fff4fb8    0x30  system_MK60.o [1]
  .rodata              const    0x1fff4fe8    0x28  system_MK60.o [1]
  .text                ro code  0x1fff5010    0x28  data_init.o [5]
  .rodata              const    0x1fff5038    0x24  system_MK60.o [1]
  .rodata              const    0x1fff505c    0x24  system_MK60.o [1]
  .iar.init_table      const    0x1fff5080    0x10  - Linker created -
  .rodata              const    0x1fff5090    0x20  system_MK60.o [1]
  .rodata              const    0x1fff50b0    0x20  system_MK60.o [1]
  .rodata              const    0x1fff50d0    0x20  system_MK60.o [1]
  .rodata              const    0x1fff50f0    0x20  system_MK60.o [1]
  .rodata              const    0x1fff5110    0x1c  system_MK60.o [1]
  .rodata              const    0x1fff512c    0x1c  system_MK60.o [1]
  .rodata              const    0x1fff5148    0x1c  system_MK60.o [1]
  .text                ro code  0x1fff5164    0x1c  HW_ADC.o [1]
  .text                ro code  0x1fff5180    0x1a  cmain.o [5]
  .text                ro code  0x1fff519a     0x4  low_level_init.o [3]
  .text                ro code  0x1fff519e     0x8  program.o [1]
  .text                ro code  0x1fff51a6     0x4  exit.o [3]
  .text                ro code  0x1fff51ac     0xa  cexit.o [5]
  .text                ro code  0x1fff51b8    0x14  exit.o [6]
  .rodata              const    0x1fff51cc    0x18  system_MK60.o [1]
  .rodata              const    0x1fff51e4    0x18  system_MK60.o [1]
  .rodata              const    0x1fff51fc    0x18  system_MK60.o [1]
  .rodata              const    0x1fff5214    0x18  system_MK60.o [1]
  .rodata              const    0x1fff522c    0x18  system_MK60.o [1]
  .rodata              const    0x1fff5244    0x18  system_MK60.o [1]
  .rodata              const    0x1fff525c    0x18  system_MK60.o [1]
  .rodata              const    0x1fff5274    0x18  system_MK60.o [1]
  .rodata              const    0x1fff528c    0x18  system_MK60.o [1]
  .rodata              const    0x1fff52a4    0x18  system_MK60.o [1]
  .rodata              const    0x1fff52bc    0x14  system_MK60.o [1]
  .rodata              const    0x1fff52d0    0x14  system_MK60.o [1]
  .rodata              const    0x1fff52e4    0x14  system_MK60.o [1]
  .rodata              const    0x1fff52f8    0x14  system_MK60.o [1]
  .rodata              const    0x1fff530c    0x14  system_MK60.o [1]
  .rodata              const    0x1fff5320    0x14  system_MK60.o [1]
  .text                ro code  0x1fff5334    0x14  io.o [1]
  .rodata              const    0x1fff5348    0x10  system_MK60.o [1]
  .rodata              const    0x1fff5358    0x10  system_MK60.o [1]
  .rodata              const    0x1fff5368    0x10  system_MK60.o [1]
  .text                ro code  0x1fff5378    0x10  HW_SYSTICK.o [1]
  .text                ro code  0x1fff5388    0x10  HW_USB.o [1]
  .rodata              const    0x1fff5398     0xc  system_MK60.o [1]
  .rodata              const    0x1fff53a4     0xc  system_MK60.o [1]
  .text                ro code  0x1fff53b0     0xc  cstartup_M.o [5]
  .rodata              const    0x1fff53bc     0x8  system_MK60.o [1]
  .rodata              const    0x1fff53c4     0x8  system_MK60.o [1]
  .rodata              const    0x1fff53cc     0x8  system_MK60.o [1]
  .rodata              const    0x1fff53d4     0x8  system_MK60.o [1]
  .rodata              const    0x1fff53dc     0x8  system_MK60.o [1]
  .rodata              const    0x1fff53e4     0x8  system_MK60.o [1]
  .rodata              const    0x1fff53ec     0x8  system_MK60.o [1]
  .rodata              const    0x1fff53f4     0x8  system_MK60.o [1]
  .rodata              const    0x1fff53fc     0x8  system_MK60.o [1]
  .rodata              const    0x1fff5404     0x8  system_MK60.o [1]
  .rodata              const    0x1fff540c     0x8  system_MK60.o [1]
  .rodata              const    0x1fff5414     0x8  system_MK60.o [1]
  .rodata              const    0x1fff541c     0x8  system_MK60.o [1]
  .rodata              const    0x1fff5424     0x8  system_MK60.o [1]
  .rodata              const    0x1fff542c     0x8  system_MK60.o [1]
  .rodata              const    0x1fff5434     0x8  system_MK60.o [1]
  .rodata              const    0x1fff543c     0x8  system_MK60.o [1]
  .rodata              const    0x1fff5444     0x8  system_MK60.o [1]
  .rodata              const    0x1fff544c     0x8  system_MK60.o [1]
  .data                         0x1fff5458   0x134  <Block>
    .data-1                     0x1fff5458   0x134  <Init block>
      .data            inited   0x1fff5458    0xf0  blind.o [1]
      .data            inited   0x1fff5548    0x30  blind.o [1]
      .data            inited   0x1fff5578     0x4  HW_MCG.o [1]
      .data            inited   0x1fff557c     0x4  HW_MCG.o [1]
      .data            inited   0x1fff5580     0x4  HW_MCG.o [1]
      .data            inited   0x1fff5584     0x4  HW_MCG.o [1]
      .data            inited   0x1fff5588     0x4  system_MK60.o [1]
  CodeRelocateRam               0x1fff558c    0x4c  <Block>
    CodeRelocateRam-1           0x1fff558c    0x4c  <Init block>
      .textrw          inited   0x1fff558c    0x4c  HW_MCG.o [1]
  .bss                          0x1fff55d8   0x2e8  <Block>
    .bss               zero     0x1fff55d8     0x8  systick.o [1]
    .bss               zero     0x1fff55e0     0x4  blind.o [1]
    .bss               zero     0x1fff55e4     0x8  HW_ADC.o [1]
    .bss               zero     0x1fff55ec   0x100  HW_CAN.o [1]
    .bss               zero     0x1fff56ec    0x40  HW_CAN.o [1]
    .bss               zero     0x1fff572c    0x40  HW_CAN.o [1]
    .bss               zero     0x1fff576c     0x8  HW_DAC.o [1]
    .bss               zero     0x1fff5774     0x8  HW_DAC.o [1]
    .bss               zero     0x1fff577c     0x8  HW_DAC.o [1]
    .bss               zero     0x1fff5784    0x40  HW_DMA.o [1]
    .bss               zero     0x1fff57c4    0x10  HW_ENET.o [1]
    .bss               zero     0x1fff57d4     0xc  HW_FTM.o [1]
    .bss               zero     0x1fff57e0    0x14  HW_GPIO.o [1]
    .bss               zero     0x1fff57f4     0x8  HW_I2C.o [1]
    .bss               zero     0x1fff57fc     0x4  HW_LPTMR.o [1]
    .bss               zero     0x1fff5800     0x4  HW_PDB.o [1]
    .bss               zero     0x1fff5804     0x4  HW_PDB.o [1]
    .bss               zero     0x1fff5808    0x10  HW_PIT.o [1]
    .bss               zero     0x1fff5818     0xc  HW_RTC.o [1]
    .bss               zero     0x1fff5824    0x18  HW_SPI.o [1]
    .bss               zero     0x1fff583c    0x18  HW_SPI.o [1]
    .bss               zero     0x1fff5854    0x18  HW_SPI.o [1]
    .bss               zero     0x1fff586c     0x4  HW_SYSTICK.o [1]
    .bss               zero     0x1fff5870     0x8  HW_TSI.o [1]
    .bss               zero     0x1fff5878    0x18  HW_UART.o [1]
    .bss               zero     0x1fff5890    0x18  HW_UART.o [1]
    .bss               zero     0x1fff58a8     0x4  HW_USB.o [1]
    .bss               zero     0x1fff58ac     0x4  motor.o [1]
    .bss               zero     0x1fff58b0     0x4  motor.o [1]
    .bss               zero     0x1fff58b4     0x4  motor.o [1]
    .bss               zero     0x1fff58b8     0x4  motor.o [1]
    .bss               zero     0x1fff58bc     0x4  servo.o [1]
                              - 0x1fff58c0  0x549c

"P1-P2", part 3 of 3:                        0x400
  CSTACK                        0x1fff58c0   0x400  <Block>
    CSTACK             uninit   0x1fff58c0   0x400  <Block tail>
                              - 0x1fff5cc0   0x400


*******************************************************************************
*** INIT TABLE
***

          Address     Size
          -------     ----
Zero (__iar_zero_init3)
    1 destination range, total size 0x2e8:
          0x1fff55d8  0x2e8



*******************************************************************************
*** MODULE SUMMARY
***

    Module             ro code  rw code  ro data  rw data
    ------             -------  -------  -------  -------
C:\Users\19071_000\Desktop\K60_Car\program\program\iar\RAM\Obj: [1]
    HW_ADC.o                28                          8
    HW_CAN.o               478                        384
    HW_DAC.o               240                         24
    HW_DMA.o               360                         64
    HW_ENET.o              128                         16
    HW_FTM.o             2 340                56       12
    HW_GPIO.o              392                60       20
    HW_I2C.o               204                          8
    HW_LPTMR.o             284                60        4
    HW_MCG.o               408       76       92       16
    HW_PDB.o               128                          8
    HW_PIT.o               380                56       16
    HW_RTC.o                96                         12
    HW_SPI.o               536                         72
    HW_SYSTICK.o            16                          4
    HW_TSI.o               112                          8
    HW_UART.o            1 820                         48
    HW_USB.o                16                          4
    assert.o                20                48
    blind.o                124               288      292
    io.o                    20
    motor.o              1 228                60       16
    printf.o             1 240
    program.o                8
    relocate.o             160
    servo.o                372                          4
    startup_K60DZ10.o    1 044
    stdlib.o                58
    system_MK60.o        1 560             1 216        4
    systick.o               12                          8
    -----------------------------------------------------
    Total:              13 812       76    1 936    1 052

command line: [2]
    -----------------------------------------------------
    Total:

dl7M_tln.a: [3]
    exit.o                   4
    low_level_init.o         4
    -----------------------------------------------------
    Total:                   8

m7M_tl.a: [4]
    DblAdd.o               376
    DblCmpLe.o              46
    DblDiv.o               582
    DblMul.o               418
    DblSub.o               226
    DblToFlt.o             104
    DblToS32.o              58
    DblToU32.o              40
    FltAdd.o               214
    FltCmpLe.o              36
    FltDiv.o               252
    FltSub.o               128
    FltToDbl.o              72
    S32ToDbl.o              34
    S32ToFlt.o              36
    U32ToFlt.o              28
    atan64.o               168
    cos_sin64.o          1 084
    iar_Atan64.o           600
    tan64.o                904
    -----------------------------------------------------
    Total:               5 406

rt7M_tl.a: [5]
    ABImemclr4.o             6
    ABImemcpy.o            134
    ABImemset48.o           50
    cexit.o                 10
    cmain.o                 26
    cstartup_M.o            12
    data_init.o             40
    zero_init3.o            64
    -----------------------------------------------------
    Total:                 342

shb_l.a: [6]
    exit.o                  20
    -----------------------------------------------------
    Total:                  20

    Gaps                    30                 2
    Linker created                            16    1 024
---------------------------------------------------------
    Grand Total:        19 618       76    1 954    2 076


*******************************************************************************
*** ENTRY LIST
***

Entry                      Address   Size  Type      Object
-----                      -------   ----  ----      ------
.bss$$Base              0x1fff55d8          --   Gb  - Linker created -
.bss$$Limit             0x1fff58c0          --   Gb  - Linker created -
.data$$Base             0x1fff5458          --   Gb  - Linker created -
.data$$Limit            0x1fff558c          --   Gb  - Linker created -
.data_init$$Base        0x1fff47e0          --   Gb  - Linker created -
.data_init$$Limit       0x1fff4914          --   Gb  - Linker created -
.iar.init_table$$Base   0x1fff5080          --   Gb  - Linker created -
.iar.init_table$$Limit  0x1fff5090          --   Gb  - Linker created -
?main                   0x1fff5181         Code  Gb  cmain.o [5]
ADC0_IRQHandler         0x1fff5165    0xa  Code  Gb  HW_ADC.o [1]
ADC1_IRQHandler         0x1fff516f    0xa  Code  Gb  HW_ADC.o [1]
ADC_ISR                 0x1fff55e4    0x8  Data  Gb  HW_ADC.o [1]
ASSERT_FAILED_STR       0x1fff4f58   0x30  Data  Gb  assert.o [1]
CAN0_BUS_OFF_IRQHandler
                        0x1fff45f1    0x8  Code  Gb  HW_CAN.o [1]
CAN0_ERR_IRQHandler     0x1fff45f9    0xe  Code  Gb  HW_CAN.o [1]
CAN0_IMEU_IRQHandler    0x1fff461d    0x2  Code  Gb  HW_CAN.o [1]
CAN0_ISR                0x1fff56ec   0x40  Data  Gb  HW_CAN.o [1]
CAN0_LR_IRQHandler      0x1fff461f    0x2  Code  Gb  HW_CAN.o [1]
CAN0_MESS_IRQHandler    0x1fff45e9    0x8  Code  Gb  HW_CAN.o [1]
CAN0_RW_IRQHandler      0x1fff4611    0xa  Code  Gb  HW_CAN.o [1]
CAN0_TW_IRQHandler      0x1fff4607    0xa  Code  Gb  HW_CAN.o [1]
CAN0_WAKE_UP_IRQHandler
                        0x1fff461b    0x2  Code  Gb  HW_CAN.o [1]
CAN1_BUS_OFF_IRQHandler
                        0x1fff4629    0x8  Code  Gb  HW_CAN.o [1]
CAN1_ERR_IRQHandler     0x1fff4631    0xe  Code  Gb  HW_CAN.o [1]
CAN1_IMEU_IRQHandler    0x1fff4673    0x2  Code  Gb  HW_CAN.o [1]
CAN1_ISR                0x1fff572c   0x40  Data  Gb  HW_CAN.o [1]
CAN1_LR_IRQHandler      0x1fff4675    0x2  Code  Gb  HW_CAN.o [1]
CAN1_MESS_IRQHandler    0x1fff4621    0x8  Code  Gb  HW_CAN.o [1]
CAN1_RW_IRQHandler      0x1fff4649    0xa  Code  Gb  HW_CAN.o [1]
CAN1_TW_IRQHandler      0x1fff463f    0xa  Code  Gb  HW_CAN.o [1]
CAN1_WAKE_UP_IRQHandler
                        0x1fff4671    0x2  Code  Gb  HW_CAN.o [1]
CSTACK$$Base            0x1fff58c0          --   Gb  - Linker created -
CSTACK$$Limit           0x1fff5cc0          --   Gb  - Linker created -
CodeRelocate$$Base      0x1fff4d1c          --   Gb  - Linker created -
CodeRelocate$$Limit     0x1fff4d68          --   Gb  - Linker created -
CodeRelocateRam$$Base   0x1fff558c          --   Gb  - Linker created -
CodeRelocateRam$$Limit  0x1fff55d8          --   Gb  - Linker created -
DAC0_IRQHandler         0x1fff4915   0x6a  Code  Gb  HW_DAC.o [1]
DAC1_IRQHandler         0x1fff497f   0x6a  Code  Gb  HW_DAC.o [1]
DAC_RDPTBOT_ISR         0x1fff576c    0x8  Data  Gb  HW_DAC.o [1]
DAC_RDPTTOP_ISR         0x1fff5774    0x8  Data  Gb  HW_DAC.o [1]
DAC_WATERMK_ISR         0x1fff577c    0x8  Data  Gb  HW_DAC.o [1]
DMA0_IRQHandler         0x1fff4679   0x16  Code  Gb  HW_DMA.o [1]
DMA10_IRQHandler        0x1fff4755   0x16  Code  Gb  HW_DMA.o [1]
DMA11_IRQHandler        0x1fff476b   0x16  Code  Gb  HW_DMA.o [1]
DMA12_IRQHandler        0x1fff4781   0x16  Code  Gb  HW_DMA.o [1]
DMA13_IRQHandler        0x1fff4797   0x16  Code  Gb  HW_DMA.o [1]
DMA14_IRQHandler        0x1fff47ad   0x16  Code  Gb  HW_DMA.o [1]
DMA15_IRQHandler        0x1fff47c3   0x16  Code  Gb  HW_DMA.o [1]
DMA1_IRQHandler         0x1fff468f   0x16  Code  Gb  HW_DMA.o [1]
DMA2_IRQHandler         0x1fff46a5   0x16  Code  Gb  HW_DMA.o [1]
DMA3_IRQHandler         0x1fff46bb   0x16  Code  Gb  HW_DMA.o [1]
DMA4_IRQHandler         0x1fff46d1   0x16  Code  Gb  HW_DMA.o [1]
DMA5_IRQHandler         0x1fff46e7   0x16  Code  Gb  HW_DMA.o [1]
DMA6_IRQHandler         0x1fff46fd   0x16  Code  Gb  HW_DMA.o [1]
DMA7_IRQHandler         0x1fff4713   0x16  Code  Gb  HW_DMA.o [1]
DMA8_IRQHandler         0x1fff4729   0x16  Code  Gb  HW_DMA.o [1]
DMA9_IRQHandler         0x1fff473f   0x16  Code  Gb  HW_DMA.o [1]
DMA_ISR                 0x1fff5784   0x40  Data  Gb  HW_DMA.o [1]
DefaultISR              0x1fff1b8b   0x16  Code  Gb  system_MK60.o [1]
Diagnostic_Reset_Source
                        0x1fff1e45   0x82  Code  Lc  system_MK60.o [1]
ENET_ISR                0x1fff57c4   0x10  Data  Gb  HW_ENET.o [1]
Eth_Err_Misc_IRQHandler
                        0x1fff4b33   0x16  Code  Gb  HW_ENET.o [1]
Eth_IEEE1588_IRQHandler
                        0x1fff4b1d   0x16  Code  Gb  HW_ENET.o [1]
Eth_RX_IRQHandler       0x1fff4ad1   0x26  Code  Gb  HW_ENET.o [1]
Eth_TX_IRQHandler       0x1fff4af7   0x26  Code  Gb  HW_ENET.o [1]
FTM0_IRQHandler         0x1fff0cb9    0xa  Code  Gb  HW_FTM.o [1]
FTM1_IRQHandler         0x1fff0cc3    0xa  Code  Gb  HW_FTM.o [1]
FTM2_IRQHandler         0x1fff0ccd    0xa  Code  Gb  HW_FTM.o [1]
FTM_ISR                 0x1fff57d4    0xc  Data  Gb  HW_FTM.o [1]
GPIO_ISR                0x1fff57e0   0x14  Data  Gb  HW_GPIO.o [1]
HardFault_Handler       0x1fff1b7f    0xc  Code  Gb  system_MK60.o [1]
I2C0_IRQHandler         0x1fff4a05   0x5a  Code  Gb  HW_I2C.o [1]
I2C1_IRQHandler         0x1fff4a5f   0x5a  Code  Gb  HW_I2C.o [1]
I2C_ISR                 0x1fff57f4    0x8  Data  Gb  HW_I2C.o [1]
LPLD_CAN_Interrupt_ClearPending
                        0x1fff4499   0x22  Code  Lc  HW_CAN.o [1]
LPLD_CAN_Interrupt_GetFlag
                        0x1fff44bb   0x1e  Code  Lc  HW_CAN.o [1]
LPLD_CAN_MB_ISR         0x1fff458f   0x5a  Code  Lc  HW_CAN.o [1]
LPLD_CAN_Receive_Interrupt
                        0x1fff4533   0x5c  Code  Lc  HW_CAN.o [1]
LPLD_CAN_Transmit_Interrupt
                        0x1fff44d9   0x5a  Code  Gb  HW_CAN.o [1]
LPLD_FTM_DEC_Init       0x1fff0cb1    0x8  Code  Lc  HW_FTM.o [1]
LPLD_FTM_IC_Init        0x1fff071f   0x96  Code  Lc  HW_FTM.o [1]
LPLD_FTM_Init           0x1fff0425  0x120  Code  Gb  HW_FTM.o [1]
LPLD_FTM_PWM_ChangeDuty
                        0x1fff05ab   0x4e  Code  Gb  HW_FTM.o [1]
LPLD_FTM_PWM_Enable     0x1fff0545   0x66  Code  Gb  HW_FTM.o [1]
LPLD_FTM_PWM_Init       0x1fff05f9  0x126  Code  Lc  HW_FTM.o [1]
LPLD_FTM_PinInit        0x1fff07b5  0x4a2  Code  Lc  HW_FTM.o [1]
LPLD_FTM_QD_Init        0x1fff0c75   0x3c  Code  Lc  HW_FTM.o [1]
LPLD_GPIO_Init          0x1fff3515   0xe4  Code  Gb  HW_GPIO.o [1]
LPLD_LPTMR_GetPulseAcc  0x1fff31b3    0x8  Code  Gb  HW_LPTMR.o [1]
LPLD_LPTMR_Init         0x1fff30d9   0xda  Code  Gb  HW_LPTMR.o [1]
LPLD_PIT_EnableIrq      0x1fff3465   0x26  Code  Gb  HW_PIT.o [1]
LPLD_PIT_Init           0x1fff33b3   0xb2  Code  Gb  HW_PIT.o [1]
LPLD_PLL_Setup          0x1fff20cd  0x198  Code  Gb  HW_MCG.o [1]
LPLD_Set_SYS_DIV        0x1fff558d   0x4c  Code  Gb  HW_MCG.o [1]
LPLD_UART_Init          0x1fff12f9  0x416  Code  Gb  HW_UART.o [1]
LPLD_UART_PutChar       0x1fff170f    0xa  Code  Gb  HW_UART.o [1]
LPTMR_ISR               0x1fff57fc    0x4  Data  Gb  HW_LPTMR.o [1]
LPT_IRQHandler          0x1fff31bb   0x16  Code  Gb  HW_LPTMR.o [1]
OS_CPU_SysTickHandler   0x1fff5379    0xa  Code  Gb  HW_SYSTICK.o [1]
PDB_IRQHandler          0x1fff4b51   0x6a  Code  Gb  HW_PDB.o [1]
PDB_ISR                 0x1fff5800    0x4  Data  Gb  HW_PDB.o [1]
PDB_SE_ISR              0x1fff5804    0x4  Data  Gb  HW_PDB.o [1]
PIT0_IRQHandler         0x1fff348b   0x16  Code  Gb  HW_PIT.o [1]
PIT1_IRQHandler         0x1fff34a1   0x16  Code  Gb  HW_PIT.o [1]
PIT2_IRQHandler         0x1fff34b7   0x16  Code  Gb  HW_PIT.o [1]
PIT3_IRQHandler         0x1fff34cd   0x16  Code  Gb  HW_PIT.o [1]
PIT_ISR                 0x1fff5808   0x10  Data  Gb  HW_PIT.o [1]
PORTA_IRQHandler        0x1fff35f9   0x12  Code  Gb  HW_GPIO.o [1]
PORTB_IRQHandler        0x1fff360b   0x12  Code  Gb  HW_GPIO.o [1]
PORTC_IRQHandler        0x1fff361d   0x12  Code  Gb  HW_GPIO.o [1]
PORTD_IRQHandler        0x1fff362f   0x12  Code  Gb  HW_GPIO.o [1]
PORTE_IRQHandler        0x1fff3641   0x12  Code  Gb  HW_GPIO.o [1]
RTC_IRQHandler          0x1fff4cbd   0x56  Code  Gb  HW_RTC.o [1]
RTC_ISR                 0x1fff5818    0xc  Data  Gb  HW_RTC.o [1]
Region$$Table$$Base     0x1fff5080          --   Gb  - Linker created -
Region$$Table$$Limit    0x1fff5090          --   Gb  - Linker created -
SPI0_IRQHandler         0x1fff4281   0xaa  Code  Gb  HW_SPI.o [1]
SPI0_ISR                0x1fff5824   0x18  Data  Gb  HW_SPI.o [1]
SPI1_IRQHandler         0x1fff432b   0xaa  Code  Gb  HW_SPI.o [1]
SPI1_ISR                0x1fff583c   0x18  Data  Gb  HW_SPI.o [1]
SPI2_IRQHandler         0x1fff43d5   0xaa  Code  Gb  HW_SPI.o [1]
SPI2_ISR                0x1fff5854   0x18  Data  Gb  HW_SPI.o [1]
SYSTICK_ISR             0x1fff586c    0x4  Data  Gb  HW_SYSTICK.o [1]
SystemCoreClock         0x1fff5588    0x4  Data  Gb  system_MK60.o [1]
SystemCoreClockUpdate   0x1fff1b51   0x2e  Code  Gb  system_MK60.o [1]
SystemInit              0x1fff1a15  0x13c  Code  Gb  system_MK60.o [1]
TSI_IRQHandler          0x1fff4c4d   0x5c  Code  Gb  HW_TSI.o [1]
TSI_ISR                 0x1fff5870    0x8  Data  Gb  HW_TSI.o [1]
UART0_ERR_IRQHandler    0x1fff1a09    0x2  Code  Gb  HW_UART.o [1]
UART0_IRQHandler        0x1fff1719   0x58  Code  Gb  HW_UART.o [1]
UART1_ERR_IRQHandler    0x1fff1a0b    0x2  Code  Gb  HW_UART.o [1]
UART1_IRQHandler        0x1fff1771   0x58  Code  Gb  HW_UART.o [1]
UART2_ERR_IRQHandler    0x1fff1a0d    0x2  Code  Gb  HW_UART.o [1]
UART2_IRQHandler        0x1fff17c9   0x58  Code  Gb  HW_UART.o [1]
UART3_ERR_IRQHandler    0x1fff1a0f    0x2  Code  Gb  HW_UART.o [1]
UART3_IRQHandler        0x1fff1821   0x58  Code  Gb  HW_UART.o [1]
UART4_ERR_IRQHandler    0x1fff1a11    0x2  Code  Gb  HW_UART.o [1]
UART4_IRQHandler        0x1fff1879   0x58  Code  Gb  HW_UART.o [1]
UART5_ERR_IRQHandler    0x1fff1a13    0x2  Code  Gb  HW_UART.o [1]
UART5_IRQHandler        0x1fff18d1   0x58  Code  Gb  HW_UART.o [1]
UART_R_ISR              0x1fff5878   0x18  Data  Gb  HW_UART.o [1]
UART_T_ISR              0x1fff5890   0x18  Data  Gb  HW_UART.o [1]
USB_ISR                 0x1fff58a8    0x4  Data  Gb  HW_USB.o [1]
USB_OTG_IRQHandler      0x1fff5389    0xa  Code  Gb  HW_USB.o [1]
__BOOT_STACK_ADDRESS {Abs}
                        0x2000fff8         Data  Gb  command line/config [2]
__NVIC_EnableIRQ        0x1fff3399   0x1a  Code  Lc  HW_PIT.o [1]
__VECTOR_RAM {Abs}      0x1fff0000         Data  Gb  command line/config [2]
__VECTOR_TABLE {Abs}    0x1fff0000         Data  Gb  command line/config [2]
__Vectors               0x1fff0000          --   Gb  startup_K60DZ10.o [1]
__Vectors_End           0x1fff0400         Data  Gb  startup_K60DZ10.o [1]
__Vectors_Size {Abs}    0x00000400          --   Gb  startup_K60DZ10.o [1]
__aeabi_cdcmple         0x1fff369d         Code  Gb  DblCmpLe.o [4]
__aeabi_cfcmple         0x1fff2f39         Code  Gb  FltCmpLe.o [4]
__aeabi_d2f             0x1fff2ed1         Code  Gb  DblToFlt.o [4]
__aeabi_d2iz            0x1fff36cd         Code  Gb  DblToS32.o [4]
__aeabi_d2uiz           0x1fff3999         Code  Gb  DblToU32.o [4]
__aeabi_dadd            0x1fff2d59         Code  Gb  DblAdd.o [4]
__aeabi_ddiv            0x1fff3d65         Code  Gb  DblDiv.o [4]
__aeabi_dmul            0x1fff2bb5         Code  Gb  DblMul.o [4]
__aeabi_dsub            0x1fff372d         Code  Gb  DblSub.o [4]
__aeabi_f2d             0x1fff2731         Code  Gb  FltToDbl.o [4]
__aeabi_fdiv            0x1fff2f5d         Code  Gb  FltDiv.o [4]
__aeabi_fsub            0x1fff3059         Code  Gb  FltSub.o [4]
__aeabi_i2d             0x1fff3709         Code  Gb  S32ToDbl.o [4]
__aeabi_i2f             0x1fff3375         Code  Gb  S32ToFlt.o [4]
__aeabi_memclr4         0x1fff38e9         Code  Gb  ABImemclr4.o [5]
__aeabi_memcpy4         0x1fff0d5d         Code  Gb  ABImemcpy.o [5]
__aeabi_memcpy8         0x1fff0d5d         Code  Gb  ABImemcpy.o [5]
__aeabi_ui2f            0x1fff39c1         Code  Gb  U32ToFlt.o [4]
__cmain                 0x1fff5181         Code  Gb  cmain.o [5]
__exit                  0x1fff51b9   0x14  Code  Gb  exit.o [6]
__iar_Atan64            0x1fff4029  0x1be  Code  Gb  iar_Atan64.o [4]
__iar_Memset4_word      0x1fff3fad         Code  Gb  ABImemset48.o [5]
__iar_Memset8_word      0x1fff3fad         Code  Gb  ABImemset48.o [5]
__iar_Sin64             0x1fff2779  0x3a0  Code  Lc  cos_sin64.o [4]
__iar_atan64            0x1fff38f1   0xa8  Code  Gb  atan64.o [4]
__iar_cos64             0x1fff2bad    0x4  Code  Gb  cos_sin64.o [4]
__iar_cos_medium        0x1fff2bad    0x4  Code  Gb  cos_sin64.o [4]
__iar_cos_medium64      0x1fff2bad    0x4  Code  Gb  cos_sin64.o [4]
__iar_cos_mediuml       0x1fff2bad    0x4  Code  Gb  cos_sin64.o [4]
__iar_dadd              0x1fff373d         Code  Gb  DblSub.o [4]
__iar_data_init3        0x1fff5011   0x28  Code  Gb  data_init.o [5]
__iar_dsub              0x1fff2d69         Code  Gb  DblAdd.o [4]
__iar_dsubStart         0x1fff2d7b         Code  Gb  DblAdd.o [4]
__iar_fadd              0x1fff3065         Code  Gb  FltSub.o [4]
__iar_fsub              0x1fff3811         Code  Gb  FltAdd.o [4]
__iar_fsubStart         0x1fff3821         Code  Gb  FltAdd.o [4]
__iar_program_start     0x1fff53b1         Code  Gb  cstartup_M.o [5]
__iar_sin64             0x1fff2bb1    0x4  Code  Gb  cos_sin64.o [4]
__iar_sin_medium        0x1fff2bb1    0x4  Code  Gb  cos_sin64.o [4]
__iar_sin_medium64      0x1fff2bb1    0x4  Code  Gb  cos_sin64.o [4]
__iar_sin_mediuml       0x1fff2bb1    0x4  Code  Gb  cos_sin64.o [4]
__iar_systems$$module {Abs}
                        0x00000001         Data  Gb  command line/config [2]
__iar_tan64             0x1fff39dd  0x388  Code  Gb  tan64.o [4]
__iar_tan_medium        0x1fff39dd  0x388  Code  Gb  tan64.o [4]
__iar_tan_medium64      0x1fff39dd  0x388  Code  Gb  tan64.o [4]
__iar_tan_mediuml       0x1fff39dd  0x388  Code  Gb  tan64.o [4]
__iar_zero_init3        0x1fff4df5   0x40  Code  Gb  zero_init3.o [5]
__low_level_init        0x1fff519b    0x4  Code  Gb  low_level_init.o [3]
__vector_table          0x1fff0000         Data  Gb  startup_K60DZ10.o [1]
__vector_table_0x1c     0x1fff001c         Data  Gb  startup_K60DZ10.o [1]
_call_main              0x1fff518d         Code  Gb  cmain.o [5]
_exit                   0x1fff51ad         Code  Gb  cexit.o [5]
_main                   0x1fff5197         Code  Gb  cmain.o [5]
_systick                0x1fff55d8    0x8  Data  Lc  systick.o [1]
a                       0x1fff4240   0x40  Data  Lc  iar_Atan64.o [4]
app__blind              0x1fff4bd1   0x7c  Code  Gb  blind.o [1]
assert_failed           0x1fff0d49   0x14  Code  Gb  assert.o [1]
atan                    0x1fff38f1   0xa8  Code  Gb  atan64.o [4]
atanl                   0x1fff38f1   0xa8  Code  Gb  atan64.o [4]
average_num             0x1fff58b0    0x4  Data  Lc  motor.o [1]
common_relocate         0x1fff202d   0xa0  Code  Gb  relocate.o [1]
cos                     0x1fff2bad    0x4  Code  Gb  cos_sin64.o [4]
cosl                    0x1fff2bad    0x4  Code  Gb  cos_sin64.o [4]
cpu_identify            0x1fff1ba5  0x1fa  Code  Lc  system_MK60.o [1]
dir                     0x1fff55e0    0x4  Data  Lc  blind.o [1]
exit                    0x1fff51a7    0x4  Code  Gb  exit.o [3]
flash_identify          0x1fff1d9f   0xa6  Code  Lc  system_MK60.o [1]
flexcan_msgobj_param_t  0x1fff55ec  0x100  Data  Gb  HW_CAN.o [1]
g_bus_clock             0x1fff557c    0x4  Data  Gb  HW_MCG.o [1]
g_core_clock            0x1fff5578    0x4  Data  Gb  HW_MCG.o [1]
g_flash_clock           0x1fff5580    0x4  Data  Gb  HW_MCG.o [1]
g_flexbus_clock         0x1fff5584    0x4  Data  Gb  HW_MCG.o [1]
main                    0x1fff519f    0x8  Code  Gb  program.o [1]
memset                  0x1fff12d9   0x1e  Code  Gb  stdlib.o [1]
motor_controller__config
                        0x1fff2447  0x218  Code  Gb  motor.o [1]
motor_controller__enable
                        0x1fff26ef   0x1c  Code  Gb  motor.o [1]
motor_controller__set_duty
                        0x1fff265f   0x90  Code  Gb  motor.o [1]
mtrctrl                 0x1fff5458   0xf0  Data  Lc  blind.o [1]
mtrctrl                 0x1fff58ac    0x4  Data  Lc  motor.o [1]
out_char                0x1fff5335    0xe  Code  Gb  io.o [1]
pit_motor_controller    0x1fff22ff  0x148  Code  Lc  motor.o [1]
pit_motor_controller::pit_enter_counter
                        0x1fff58b4    0x4  Data  Lc  motor.o [1]
pit_motor_controller::placc_temp_value
                        0x1fff58b8    0x4  Data  Lc  motor.o [1]
printf                  0x1fff129b   0x1e  Code  Gb  printf.o [1]
printk                  0x1fff0ec1  0x3da  Code  Gb  printf.o [1]
printk_mknumstr         0x1fff0e11   0x74  Code  Lc  printf.o [1]
printk_pad_space        0x1fff0ea3   0x1e  Code  Lc  printf.o [1]
printk_pad_zero         0x1fff0e85   0x1e  Code  Lc  printf.o [1]
printk_putc             0x1fff0de5   0x2c  Code  Lc  printf.o [1]
reckon__update          0x1fff2265   0x9a  Code  Lc  motor.o [1]
servo__config           0x1fff31f5   0x68  Code  Gb  servo.o [1]
servo__get_radius       0x1fff3313   0x4e  Code  Gb  servo.o [1]
servo__set_radius_dir   0x1fff325d   0xb6  Code  Gb  servo.o [1]
sin                     0x1fff2bb1    0x4  Code  Gb  cos_sin64.o [4]
sinl                    0x1fff2bb1    0x4  Code  Gb  cos_sin64.o [4]
srv                     0x1fff58bc    0x4  Data  Lc  servo.o [1]
steer                   0x1fff5548   0x30  Data  Lc  blind.o [1]
strlen                  0x1fff12bd   0x1c  Code  Gb  stdlib.o [1]
systick__get            0x1fff3369    0x8  Code  Gb  systick.o [1]
tan                     0x1fff39dd  0x388  Code  Gb  tan64.o [4]
tanl                    0x1fff39dd  0x388  Code  Gb  tan64.o [4]


[1] = C:\Users\19071_000\Desktop\K60_Car\program\program\iar\RAM\Obj
[2] = command line
[3] = dl7M_tln.a
[4] = m7M_tl.a
[5] = rt7M_tl.a
[6] = shb_l.a

  19 618 bytes of readonly  code memory
      76 bytes of readwrite code memory
   1 954 bytes of readonly  data memory
   2 076 bytes of readwrite data memory

Errors: none
Warnings: none
