###############################################################################
#
# IAR ANSI C/C++ Compiler V8.10.1.12857/W32 for ARM       22/Dec/2017  21:48:14
# Copyright 1999-2017 IAR Systems AB.
#
#    Cpu mode     =  thumb
#    Endian       =  little
#    Source file  =  
#        C:\Users\19071_000\Desktop\K60_Car\lib\peripheral\systick.c
#    Command line =  
#        -f C:\Users\19071_~1\AppData\Local\Temp\EWBECF.tmp
#        (C:\Users\19071_000\Desktop\K60_Car\lib\peripheral\systick.c -D
#        LPLD_K60 -D USE_K60DZ10 -lCN
#        C:\Users\19071_000\Desktop\K60_Car\program\program\iar\RAM\List -lB
#        C:\Users\19071_000\Desktop\K60_Car\program\program\iar\RAM\List -o
#        C:\Users\19071_000\Desktop\K60_Car\program\program\iar\RAM\Obj
#        --no_cse --no_unroll --no_inline --no_code_motion --no_tbaa
#        --no_clustering --no_scheduling --debug --endian=little
#        --cpu=Cortex-M4 -e --fpu=None --dlib_config "C:\Program Files
#        (x86)\IAR Systems\Embedded Workbench
#        8.0\arm\INC\c\DLib_Config_Normal.h" -I
#        C:\Users\19071_000\Desktop\K60_Car\program\program\iar\..\app\ -I
#        C:\Users\19071_000\Desktop\K60_Car\program\program\iar\..\..\..\lib\CPU\
#        -I
#        C:\Users\19071_000\Desktop\K60_Car\program\program\iar\..\..\..\lib\common\
#        -I
#        C:\Users\19071_000\Desktop\K60_Car\program\program\iar\..\..\..\lib\LPLD\
#        -I
#        C:\Users\19071_000\Desktop\K60_Car\program\program\iar\..\..\..\lib\LPLD\HW\
#        -I
#        C:\Users\19071_000\Desktop\K60_Car\program\program\iar\..\..\..\lib\LPLD\DEV\
#        -I
#        C:\Users\19071_000\Desktop\K60_Car\program\program\iar\..\..\..\lib\LPLD\FUNC\
#        -I
#        C:\Users\19071_000\Desktop\K60_Car\program\program\iar\..\..\..\lib\uCOS-II\Ports\
#        -I
#        C:\Users\19071_000\Desktop\K60_Car\program\program\iar\..\..\..\lib\uCOS-II\Source\
#        -I
#        C:\Users\19071_000\Desktop\K60_Car\program\program\iar\..\..\..\lib\FatFs\
#        -I
#        C:\Users\19071_000\Desktop\K60_Car\program\program\iar\..\..\..\lib\FatFs\option\
#        -I
#        C:\Users\19071_000\Desktop\K60_Car\program\program\iar\..\..\..\lib\USB\common\
#        -I
#        C:\Users\19071_000\Desktop\K60_Car\program\program\iar\..\..\..\lib\USB\driver\
#        -I
#        C:\Users\19071_000\Desktop\K60_Car\program\program\iar\..\..\..\lib\USB\descriptor\
#        -I
#        C:\Users\19071_000\Desktop\K60_Car\program\program\iar\..\..\..\lib\USB\class\
#        -I
#        C:\Users\19071_000\Desktop\K60_Car\program\program\iar\..\..\..\lib\peripheral\
#        -Ol -I "C:\Program Files (x86)\IAR Systems\Embedded Workbench
#        8.0\arm\CMSIS\Include\" -D ARM_MATH_CM4)
#    Locale       =  C
#    List file    =  
#        C:\Users\19071_000\Desktop\K60_Car\program\program\iar\RAM\List\systick.lst
#    Object file  =  
#        C:\Users\19071_000\Desktop\K60_Car\program\program\iar\RAM\Obj\systick.o
#
###############################################################################

C:\Users\19071_000\Desktop\K60_Car\lib\peripheral\systick.c
      1          #include "systick.h"
      2          

   \                                 In section .bss, align 8
      3          static long long _systick;
   \                     _systick:
   \   00000000                      DS8 8
      4          

   \                                 In section .text, align 2, keep-with-next
      5          static void systick__acc(void){
      6          	_systick ++;
   \                     systick__acc: (+1)
   \   00000000   0x....             LDR.N    R0,??DataTable3
   \   00000002   0xE9D0 0x0100      LDRD     R0,R1,[R0, #+0]
   \   00000006   0x1C40             ADDS     R0,R0,#+1
   \   00000008   0xF171 0x31FF      SBCS     R1,R1,#-1
   \   0000000C   0x....             LDR.N    R2,??DataTable3
   \   0000000E   0xE9C2 0x0100      STRD     R0,R1,[R2, #+0]
      7          }
   \   00000012   0x4770             BX       LR               ;; return
      8          

   \                                 In section .text, align 2, keep-with-next
      9          void systick__config(void){
   \                     systick__config: (+1)
   \   00000000   0xB510             PUSH     {R4,LR}
   \   00000002   0xB084             SUB      SP,SP,#+16
     10          	SYSTICK_InitType systick_init = {1, 0, systick__acc};
   \   00000004   0x4668             MOV      R0,SP
   \   00000006   0x....             LDR.N    R1,??DataTable3_1
   \   00000008   0xE891 0x001C      LDM      R1,{R2-R4}
   \   0000000C   0xE880 0x001C      STM      R0,{R2-R4}
     11          	LPLD_SYSTICK_Init(systick_init);
   \   00000010   0x4668             MOV      R0,SP
   \   00000012   0xC807             LDM      R0,{R0-R2}
   \   00000014   0x.... 0x....      BL       LPLD_SYSTICK_Init
     12          }
   \   00000018   0xBD1F             POP      {R0-R4,PC}       ;; return

   \                                 In section .rodata, align 4
   \                     ?_0:
   \   00000000   0x00000001         DC32 1, 0, systick__acc
   \              0x00000000   
   \              0x........   
     13          

   \                                 In section .text, align 2, keep-with-next
     14          long long systick__get(void){
     15          	return _systick;
   \                     systick__get: (+1)
   \   00000000   0x....             LDR.N    R0,??DataTable3
   \   00000002   0xE9D0 0x0100      LDRD     R0,R1,[R0, #+0]
   \   00000006   0x4770             BX       LR               ;; return
     16          }
     17          

   \                                 In section .text, align 2, keep-with-next
     18          void systick__delay_us(uint32 us){
     19          	long long _systick_end = _systick + us;
   \                     systick__delay_us: (+1)
   \   00000000   0x....             LDR.N    R1,??DataTable3
   \   00000002   0xE9D1 0x2300      LDRD     R2,R3,[R1, #+0]
   \   00000006   0x2100             MOVS     R1,#+0
   \   00000008   0x1810             ADDS     R0,R2,R0
   \   0000000A   0x4159             ADCS     R1,R3,R1
     20          	while(_systick < _systick_end);
   \                     ??systick__delay_us_0: (+1)
   \   0000000C   0x....             LDR.N    R2,??DataTable3
   \   0000000E   0xE9D2 0x2300      LDRD     R2,R3,[R2, #+0]
   \   00000012   0x428B             CMP      R3,R1
   \   00000014   0xDBFA             BLT.N    ??systick__delay_us_0
   \   00000016   0xDC01             BGT.N    ??systick__delay_us_1
   \   00000018   0x4282             CMP      R2,R0
   \   0000001A   0xD3F7             BCC.N    ??systick__delay_us_0
     21          }
   \                     ??systick__delay_us_1: (+1)
   \   0000001C   0x4770             BX       LR               ;; return

   \                                 In section .text, align 4, keep-with-next
   \                     ??DataTable3:
   \   00000000   0x........         DC32     _systick

   \                                 In section .text, align 4, keep-with-next
   \                     ??DataTable3_1:
   \   00000000   0x........         DC32     ?_0

   Maximum stack usage in bytes:

   .cstack Function
   ------- --------
       0   systick__acc
      24   systick__config
        24   -> LPLD_SYSTICK_Init
       0   systick__delay_us
       0   systick__get


   Section sizes:

   Bytes  Function/Label
   -----  --------------
       4  ??DataTable3
       4  ??DataTable3_1
      12  ?_0
       8  _systick
      20  systick__acc
      26  systick__config
      30  systick__delay_us
       8  systick__get

 
  8 bytes in section .bss
 12 bytes in section .rodata
 92 bytes in section .text
 
 92 bytes of CODE  memory
 12 bytes of CONST memory
  8 bytes of DATA  memory

Errors: none
Warnings: none
